2026-08-11 16:21:51,868 - INFO - Integrated Game Monitor Starting
2026-08-11 16:21:51,869 - INFO - IMPORTANT: Make sure 'node working_server.js' is running for quest updates!
2026-08-11 16:21:51,869 - INFO - Loaded 11 player levels from file
2026-08-11 16:21:51,869 - INFO - Loaded retry queue items: 0
2026-08-11 16:21:51,869 - INFO - Connecting to 91.99.236.133:8081
2026-08-11 16:21:52,570 - DEBUG - Warming up telnet connection...
2026-08-11 16:21:52,971 - INFO - Connected to telnet OK
2026-08-11 16:21:52,971 - INFO - Checking Takaro quest server...
2026-08-11 16:21:52,973 - DEBUG - Starting new HTTP connection (1): localhost:3000
2026-08-11 16:21:52,981 - DEBUG - http://localhost:3000 "GET /health HTTP/1.1" 200 105
2026-08-11 16:21:52,982 - INFO - Quest server: running, authenticated: True
2026-08-11 16:21:52,982 - INFO - Quest server is healthy and authenticated
2026-08-11 16:21:52,982 - INFO - Updating player levels...
2026-08-11 16:21:55,266 - DEBUG - Listplayers response length: 476
2026-08-11 16:21:55,266 - INFO - Updated Ozzy level: 9 -> 17
2026-08-11 16:21:55,267 - DEBUG - Saved 11 player levels to file
2026-08-11 16:21:55,267 - INFO - Player levels updated. Total players tracked: 11
2026-08-11 16:21:55,267 - INFO - Level up detected via listplayers: Ozzy 9->17 (+8); updating levelgain quest (steam)
2026-08-11 16:21:55,267 - DEBUG - Sending quest update: {'playerName': 'Ozzy', 'questType': 'levelgain', 'increment': 8, 'steamId': '76561198121061279'}
2026-08-11 16:21:56,357 - DEBUG - http://localhost:3000 "POST /update-quest HTTP/1.1" 200 245
2026-08-11 16:21:56,357 - INFO - Quest update success for Ozzy: 5/5
2026-08-11 16:21:56,358 - INFO - Starting enhanced chat monitor with Takaro quest integration
2026-08-11 16:21:56,358 - DEBUG - Skipping listplayers (cooldown)
2026-08-11 16:22:56,358 - INFO - Updating player levels...
2026-08-11 16:22:56,794 - DEBUG - Received: 2026-08-11T16:22:56 58620.426 INF Executing command 'listplayers' by Telnet from 91.99.236.133:53914
2026-08-11 16:23:02,693 - DEBUG - Listplayers response length: 0
2026-08-11 16:24:02,693 - INFO - Updating player levels...
2026-08-11 16:24:11,770 - DEBUG - Received: 2026-08-11T16:24:11 58695.387 INF Executing command 'listplayers' by Telnet from 91.99.236.133:53914
2026-08-11 16:24:15,339 - DEBUG - Listplayers response length: 0
2026-08-11 16:25:15,340 - INFO - Updating player levels...
